[  278139ms] [LOG] [Fast Refresh] rebuilding @ http://localhost:3000/_next/static/chunks/node_modules_next_dist_1ybzpk2._.js:2477
[  278531ms] [LOG] [Fast Refresh] done in 499ms @ http://localhost:3000/_next/static/chunks/node_modules_next_dist_1ybzpk2._.js:2477
[  305685ms] [LOG] [Fast Refresh] rebuilding @ http://localhost:3000/_next/static/chunks/node_modules_next_dist_1ybzpk2._.js:2477
[  305749ms] [LOG] [Fast Refresh] done in 168ms @ http://localhost:3000/_next/static/chunks/node_modules_next_dist_1ybzpk2._.js:2477
[  334392ms] [ERROR] Failed to load resource: net::ERR_CONNECTION_RESET @ http://localhost:3000/api/realtime:0
[  337750ms] [ERROR] Failed to load resource: net::ERR_CONNECTION_REFUSED @ http://localhost:3000/api/realtime:0
[  337751ms] [ERROR] WebSocket connection to 'ws://localhost:3000/_next/webpack-hmr?id=wNmldOIlUEW-CKRDqUVuD' failed: Error in connection establishment: net::ERR_CONNECTION_REFUSED @ http://localhost:3000/_next/static/chunks/node_modules_next_dist_client_0r5nbpw._.js:13422
[  341121ms] [ERROR] WebSocket connection to 'ws://localhost:3000/_next/webpack-hmr?id=wNmldOIlUEW-CKRDqUVuD' failed: Error in connection establishment: net::ERR_CONNECTION_REFUSED @ http://localhost:3000/_next/static/chunks/node_modules_next_dist_client_0r5nbpw._.js:13422
[  342112ms] [ERROR] Failed to load resource: net::ERR_CONNECTION_REFUSED @ http://localhost:3000/api/realtime:0
[  342379ms] [ERROR] Failed to load resource: net::ERR_CONNECTION_REFUSED @ http://localhost:3000/employee/session/e275610a-93e7-461c-a1c6-18f06bb05a53:0
[  344494ms] [ERROR] WebSocket connection to 'ws://localhost:3000/_next/webpack-hmr?id=wNmldOIlUEW-CKRDqUVuD' failed: Error in connection establishment: net::ERR_CONNECTION_REFUSED @ http://localhost:3000/_next/static/chunks/node_modules_next_dist_client_0r5nbpw._.js:13422
[  347853ms] [ERROR] WebSocket connection to 'ws://localhost:3000/_next/webpack-hmr?id=wNmldOIlUEW-CKRDqUVuD' failed: Error in connection establishment: net::ERR_CONNECTION_REFUSED @ http://localhost:3000/_next/static/chunks/node_modules_next_dist_client_0r5nbpw._.js:13422
[  348493ms] [ERROR] Failed to load resource: net::ERR_CONNECTION_REFUSED @ http://localhost:3000/api/realtime:0
[  351212ms] [ERROR] WebSocket connection to 'ws://localhost:3000/_next/webpack-hmr?id=wNmldOIlUEW-CKRDqUVuD' failed: Error in connection establishment: net::ERR_CONNECTION_REFUSED @ http://localhost:3000/_next/static/chunks/node_modules_next_dist_client_0r5nbpw._.js:13422
[  358592ms] [ERROR] WebSocket connection to 'ws://localhost:3000/_next/webpack-hmr?id=wNmldOIlUEW-CKRDqUVuD' failed: Error in connection establishment: net::ERR_CONNECTION_REFUSED @ http://localhost:3000/_next/static/chunks/node_modules_next_dist_client_0r5nbpw._.js:13422
[  358859ms] [ERROR] Failed to load resource: net::ERR_CONNECTION_REFUSED @ http://localhost:3000/api/realtime:0
[  365976ms] [ERROR] WebSocket connection to 'ws://localhost:3000/_next/webpack-hmr?id=wNmldOIlUEW-CKRDqUVuD' failed: Error in connection establishment: net::ERR_CONNECTION_REFUSED @ http://localhost:3000/_next/static/chunks/node_modules_next_dist_client_0r5nbpw._.js:13422
[  373356ms] [ERROR] WebSocket connection to 'ws://localhost:3000/_next/webpack-hmr?id=wNmldOIlUEW-CKRDqUVuD' failed: Error in connection establishment: net::ERR_CONNECTION_REFUSED @ http://localhost:3000/_next/static/chunks/node_modules_next_dist_client_0r5nbpw._.js:13422
[  377226ms] [ERROR] Failed to load resource: net::ERR_CONNECTION_REFUSED @ http://localhost:3000/api/realtime:0
[  380763ms] [ERROR] WebSocket connection to 'ws://localhost:3000/_next/webpack-hmr?id=wNmldOIlUEW-CKRDqUVuD' failed: Error in connection establishment: net::ERR_CONNECTION_REFUSED @ http://localhost:3000/_next/static/chunks/node_modules_next_dist_client_0r5nbpw._.js:13422
[  388174ms] [ERROR] WebSocket connection to 'ws://localhost:3000/_next/webpack-hmr?id=wNmldOIlUEW-CKRDqUVuD' failed: Error in connection establishment: net::ERR_CONNECTION_REFUSED @ http://localhost:3000/_next/static/chunks/node_modules_next_dist_client_0r5nbpw._.js:13422
[  395570ms] [ERROR] WebSocket connection to 'ws://localhost:3000/_next/webpack-hmr?id=wNmldOIlUEW-CKRDqUVuD' failed: Error in connection establishment: net::ERR_CONNECTION_REFUSED @ http://localhost:3000/_next/static/chunks/node_modules_next_dist_client_0r5nbpw._.js:13422
[  402902ms] [ERROR] Failed to load resource: net::ERR_CONNECTION_REFUSED @ http://localhost:3000/employee/session/e275610a-93e7-461c-a1c6-18f06bb05a53:0
[  403040ms] [ERROR] WebSocket connection to 'ws://localhost:3000/_next/webpack-hmr?id=wNmldOIlUEW-CKRDqUVuD' failed: Error in connection establishment: net::ERR_CONNECTION_REFUSED @ http://localhost:3000/_next/static/chunks/node_modules_next_dist_client_0r5nbpw._.js:13422
